[reinoudvanlaar.nl/project/leavespattern/index.html]
[backblue.gif]
[fade.gif]
[index.html]
[reinoudvanlaar.nl/project/leavespattern/index.html]
[www.creativeapplications.net/processing/random-access-memory-materialising-mathematical-process-algorithm/index.html]
[reinoudvanlaar.nl/wp-content/themes/reinoudvanlaar/js/minified5152.js]
[reinoudvanlaar.nl/wp-content/uploads/2016/03/LeavesPattern_Cups-738x492.jpg]
[reinoudvanlaar.nl/wp-content/uploads/2016/03/Fluidleaves_MainImage1-1800x1000.jpg]
[reinoudvanlaar.nl/wp-content/uploads/2016/03/Leaves_patterns.gif]
[www.creativeapplications.net/apple-touch-icon-57x57.png]
[reinoudvanlaar.nl/wp-content/uploads/2016/03/Leaves_fluid3.gif]
[www.creativeapplications.net/apple-touch-icon-114x114.png]
[reinoudvanlaar.nl/wp-content/uploads/2016/03/LeavesFluidMake3.gif]
[www.creativeapplications.net/apple-touch-icon-72x72.png]
[reinoudvanlaar.nl/wp-content/uploads/2016/03/LeavesPattern_Structure-738x492.png]
[www.creativeapplications.net/apple-touch-icon-144x144.png]
[reinoudvanlaar.nl/wp-content/uploads/2016/03/LeavesPattern_Examples-738x492.png]
[reinoudvanlaar.nl/wp-content/uploads/2016/03/LeavesFluid5.gif]
[reinoudvanlaar.nl/wp-content/uploads/2016/03/LeavesPattern_Lavender-738x474.png]
[reinoudvanlaar.nl/wp-content/uploads/2016/03/1px-1800x1.png]
[reinoudvanlaar.nl/wp-content/uploads/2016/03/Project-overview2-664x500.jpg]
[reinoudvanlaar.nl/wp-content/uploads/2016/03/Music-Mainimage-664x500.jpg]
[www.creativeapplications.net/apple-touch-icon-120x120.png]
[www.creativeapplications.net/apple-touch-icon-76x76.png]
[www.creativeapplications.net/apple-touch-icon-152x152.png]
[www.creativeapplications.net/processing/random-access-memory-materialising-mathematical-process-algorithm/feed/index.html]
[www.creativeapplications.net/wp-content/plugins/batchmove/js/batchc027.js]
[www.creativeapplications.net/wp-includes/js/jquery/jqueryb8ff.js]
[www.creativeapplications.net/wp-includes/js/jquery/jquery-migrate.min330a.js]
[www.creativeapplications.net/wp-content/plugins/responsive-lightbox/assets/imagelightbox/js/imagelightbox.mind203.js]
[www.creativeapplications.net/wp-content/plugins/responsive-lightbox/js/frontd203.js]
[www.creativeapplications.net/wp-content/plugins/simple-membership/js/jquery.validationEngine-enc027.js]
[www.creativeapplications.net/wp-content/plugins/thumbs-rating/js/generalf39e.js]
[www.creativeapplications.net/wp-content/plugins/user-submitted-posts/resources/jquery.cookie.js]
[www.creativeapplications.net/wp-content/plugins/simple-membership/js/jquery.validationEnginec027.js]
[code.jquery.com/jquery-latest.js]
[www.creativeapplications.net/wp-content/plugins/user-submitted-posts/resources/jquery.parsley.min.js]
[www.creativeapplications.net/wp-content/plugins/user-submitted-posts/resources/jquery.usp.core.js]
[www.creativeapplications.net/wp-content/themes/CAN3/js/jquery.fitvids4963.js]
[www.creativeapplications.net/wp-content/themes/CAN3/js/flex-slider/jquery.flexslider-minc027.js]
[www.creativeapplications.net/wp-content/themes/CAN3/js/functions9c16.js]
[www.creativeapplications.net/wp-content/uploads/2015/03/CAN_sitelogo-55171182v1_site_icon-32x32.png]
[www.creativeapplications.net/wp-content/uploads/2015/03/CAN_sitelogo-55171182v1_site_icon-256x256.png]
[autolinkmaker.itunes.apple.com/js/itunes_autolinkmaker.js]
[use.typekit.net/rvj5hzi.js]
[www.creativeapplications.net/wp-content/uploads/2017/02/H_adm_TXT_CAN_Web.gif]
[www.creativeapplications.net/images/cannewlogo.png]
[www.creativeapplications.net/wp-content/themes/CAN3/scripts/triangulate.js]
[www.creativeapplications.net/wp-content/themes/CAN3/scripts/particle.js]
[www.creativeapplications.net/wp-content/themes/CAN3/scripts/main.js]
[connect.facebook.net/en_GB/sdk.js]
[www.creativeapplications.net/wp-content/uploads/2016/12/RAM_02-1.jpg]
[www.creativeapplications.net/wp-content/uploads/2016/12/ram_screenshot.png]
[www.creativeapplications.net/wp-content/uploads/2016/12/RAM_03.jpg]
[www.creativeapplications.net/wp-content/uploads/2016/12/RAM_03-640x400.jpg]
[www.creativeapplications.net/wp-content/uploads/2016/12/RAM_05.jpg]
[www.creativeapplications.net/wp-content/uploads/2016/12/RAM_05-640x400.jpg]
[www.creativeapplications.net/wp-content/uploads/2016/12/RAM_06.jpg]
[www.creativeapplications.net/wp-content/uploads/2016/12/RAM_06-800x500.jpg]
[www.creativeapplications.net/wp-content/uploads/2016/12/RAM_01.jpg]
[www.creativeapplications.net/wp-content/uploads/2016/02/Still_Daniel-Shechter_1.5-150x150.jpg]
[www.creativeapplications.net/wp-content/uploads/2014/10/Attachment-by-David-Colombini_01-150x150.jpg]
[www.creativeapplications.net/wp-content/uploads/2016/12/can2016_2-150x150.gif]
[www.creativeapplications.net/wp-content/uploads/2009/07/DaisyDisk-4-150x150.png]
[www.creativeapplications.net/wp-content/uploads/2015/06/pow2045__MG_1679-150x150.jpg]
[platform.twitter.com/widgets.js]
[widgets.getpocket.com/v1/j/btn3860.js]
[www.creativeapplications.net/images/social/instagram.png]
[www.creativeapplications.net/images/social/facebook.png]
[www.creativeapplications.net/images/social/twitter.png]
[www.creativeapplications.net/images/social/vimeo.png]
[www.creativeapplications.net/images/social/vine.png]
[www.creativeapplications.net/images/social/github.png]
[www.creativeapplications.net/images/social/flickr.png]
[www.creativeapplications.net/images/social/rss.png]
[www.creativeapplications.net/wp-content/uploads/2016/12/ucl_600.gif]
[www.creativeapplications.net/wp-content/uploads/2017/02/eyeoBanner_CAN750.gif]
[pagead2.googlesyndication.com/pagead/js/f.txt]
[connect.facebook.net/en_GB/all.js]
[www.creativeapplications.net/wp-content/uploads/2017/02/insta.jpg]
[www.creativeapplications.net/wp-content/uploads/2017/02/H2_Banner_sidebar_ENC_600x500.gif]
[www.creativeapplications.net/images/rackspacex.png]
[www.creativeapplications.net/images/gosquared.png]
[www.creativeapplications.net/wp-content/uploads/2016/12/H2_popup-banner_4_450x150.jpg]
[www.creativeapplications.net/wp-content/plugins/contact-form-7/includes/js/jquery.form.mind03d.js]
[www.creativeapplications.net/wp-content/plugins/contact-form-7/includes/js/scripts1c9b.js]
[s0.wp.com/wp-content/js/devicepx-jetpack8253.js]
[www.creativeapplications.net/wp-includes/js/jquery/ui/core.mine899.js]
[www.creativeapplications.net/wp-content/plugins/popup-maker/assets/js/mobile-detect.min3ba1.js]
[www.creativeapplications.net/wp-includes/js/jquery/ui/position.mine899.js]
[www.creativeapplications.net/wp-content/plugins/popup-maker/assets/js/site.mine203.js]
[www.creativeapplications.net/wp-includes/js/wp-embed.minc027.js]
[d1l6p2sc9645hc.cloudfront.net/tracker.js]
[www.google-analytics.com/analytics.js]
[www.creativeapplications.net/processing/random-access-memory-materialising-mathematical-process-algorithm/index.html]
[reinoudvanlaar.nl/wp-content/themes/reinoudvanlaar/css/MyFontsWebfontsKit.css]
[reinoudvanlaar.nl/wp-content/themes/reinoudvanlaar/css/webfonts/2FAA8B_0_0d41d.eot]
[reinoudvanlaar.nl/wp-content/themes/reinoudvanlaar/css/webfonts/2FAA8B_0_0.eot]
[reinoudvanlaar.nl/wp-content/themes/reinoudvanlaar/css/style5152.css]
[reinoudvanlaar.nl/wp-content/themes/reinoudvanlaar/css/webfonts/2FAA8B_0_0.woff]
[reinoudvanlaar.nl/wp-content/themes/reinoudvanlaar/css/webfonts/2FAA8B_0_0.woff2]
[www.creativeapplications.net/apple-touch-icon-60x60.html]
[www.creativeapplications.net/wp-content/plugins/batchmove/css/batchc027.css]
[reinoudvanlaar.nl/wp-content/themes/reinoudvanlaar/css/webfonts/2FAA8B_0_0.ttf]
[reinoudvanlaar.nl/wp-content/themes/reinoudvanlaar/css/webfonts/2FAA8B_1_0.eot]
[reinoudvanlaar.nl/wp-content/themes/reinoudvanlaar/css/webfonts/2FAA8B_1_0d41d.eot]
[www.creativeapplications.net/wp-content/plugins/contact-form-7/images/ajax-loader.gif]
[reinoudvanlaar.nl/wp-content/themes/reinoudvanlaar/css/webfonts/2FAA8B_1_0.woff2]
[www.creativeapplications.net/wp-content/plugins/contact-form-7/includes/css/styles1c9b.css]
[reinoudvanlaar.nl/wp-content/themes/reinoudvanlaar/css/webfonts/2FAA8B_1_0.woff]
[reinoudvanlaar.nl/wp-content/themes/reinoudvanlaar/css/webfonts/2FAA8B_1_0.ttf]
[www.creativeapplications.net/wp-content/plugins/popup-maker/assets/css/site.min13ac.css]
[reinoudvanlaar.nl/wp-content/themes/reinoudvanlaar/css/webfonts/2FAA8B_2_0d41d.eot]
[reinoudvanlaar.nl/wp-content/themes/reinoudvanlaar/css/webfonts/2FAA8B_2_0.eot]
[www.creativeapplications.net/wp-content/plugins/responsive-lightbox/assets/imagelightbox/css/imagelightboxd203.css]
[reinoudvanlaar.nl/wp-content/themes/reinoudvanlaar/css/webfonts/2FAA8B_2_0.woff2]
[www.creativeapplications.net/wp-content/plugins/simple-membership/css/swpm.commonc027.css]
[reinoudvanlaar.nl/wp-content/themes/reinoudvanlaar/css/webfonts/2FAA8B_2_0.woff]
[www.creativeapplications.net/wp-content/plugins/simple-membership/css/validationEngine.jqueryc027.css]
[reinoudvanlaar.nl/wp-content/themes/reinoudvanlaar/css/webfonts/2FAA8B_2_0.ttf]
[www.creativeapplications.net/wp-content/plugins/thumbs-rating/css/style8a54.css]
[reinoudvanlaar.nl/wp-content/themes/reinoudvanlaar/css/webfonts/2FAA8B_3_0.eot]
[www.creativeapplications.net/wp-content/plugins/user-submitted-posts/resources/usp.css]
[reinoudvanlaar.nl/wp-content/themes/reinoudvanlaar/css/webfonts/2FAA8B_3_0d41d.eot]
[www.creativeapplications.net/wp-content/themes/CAN3/js/flex-slider/flexsliderc027.css]
[reinoudvanlaar.nl/wp-content/themes/reinoudvanlaar/css/webfonts/2FAA8B_3_0.woff2]
[reinoudvanlaar.nl/wp-content/themes/reinoudvanlaar/css/webfonts/2FAA8B_3_0.woff]
[reinoudvanlaar.nl/wp-content/themes/reinoudvanlaar/css/webfonts/2FAA8B_3_0.ttf]
[reinoudvanlaar.nl/wp-content/themes/reinoudvanlaar/css/webfonts/2FAA8B_4_0.eot]
[www.creativeapplications.net/wp-content/plugins/jetpack/_inc/genericons/genericons/Genericons.eot]
[reinoudvanlaar.nl/wp-content/themes/reinoudvanlaar/css/webfonts/2FAA8B_4_0d41d.eot]
[reinoudvanlaar.nl/wp-content/themes/reinoudvanlaar/css/webfonts/2FAA8B_4_0.woff2]
[www.creativeapplications.net/wp-content/plugins/jetpack/_inc/genericons/genericons/Genericonsd41d.eot]
[www.creativeapplications.net/wp-content/plugins/jetpack/_inc/genericons/genericons/Genericons.ttf]
[reinoudvanlaar.nl/wp-content/themes/reinoudvanlaar/css/webfonts/2FAA8B_4_0.woff]
[www.creativeapplications.net/wp-content/plugins/jetpack/_inc/genericons/genericons/genericons128b.css]
[reinoudvanlaar.nl/wp-content/themes/reinoudvanlaar/css/webfonts/2FAA8B_4_0.ttf]
[reinoudvanlaar.nl/wp-content/themes/reinoudvanlaar/css/webfonts/2FAA8B_5_0.eot]
[reinoudvanlaar.nl/wp-content/themes/reinoudvanlaar/css/webfonts/2FAA8B_5_0.woff2]
[reinoudvanlaar.nl/wp-content/themes/reinoudvanlaar/css/webfonts/2FAA8B_5_0d41d.eot]
[www.creativeapplications.net/wp-content/uploads/2016/08/user_white.png]
[reinoudvanlaar.nl/wp-content/themes/reinoudvanlaar/css/webfonts/2FAA8B_5_0.ttf]
[reinoudvanlaar.nl/wp-content/themes/reinoudvanlaar/css/webfonts/2FAA8B_5_0.woff]
[reinoudvanlaar.nl/wp-content/themes/reinoudvanlaar/css/webfonts/2FAA8B_6_0.eot]
[reinoudvanlaar.nl/wp-content/themes/reinoudvanlaar/css/webfonts/2FAA8B_6_0d41d.eot]
[www.creativeapplications.net/wp-content/uploads/2016/08/noun_208947_cc-1.png]
[www.creativeapplications.net/wp-content/themes/CAN3/stylefc50.css]
[reinoudvanlaar.nl/wp-content/themes/reinoudvanlaar/css/webfonts/2FAA8B_6_0.woff]
[reinoudvanlaar.nl/wp-content/themes/reinoudvanlaar/css/webfonts/2FAA8B_6_0.woff2]
[reinoudvanlaar.nl/wp-content/themes/reinoudvanlaar/css/webfonts/2FAA8B_6_0.ttf]
[www.creativeapplications.net/wp-content/plugins/jetpack/modules/carousel/images/arrows.png]
[reinoudvanlaar.nl/wp-content/themes/reinoudvanlaar/img/bg.gif]
[reinoudvanlaar.nl/wp-content/themes/reinoudvanlaar/img/submenu_arrow.png]
[www.creativeapplications.net/wp-content/plugins/jetpack/modules/carousel/images/arrows-2x.png]
[reinoudvanlaar.nl/wp-content/themes/reinoudvanlaar/img/sprite.png]
[www.creativeapplications.net/wp-content/plugins/jetpack/modules/carousel/images/carousel-spritee4da.png]
[reinoudvanlaar.nl/wp-content/themes/reinoudvanlaar/img/submenu_arrow_2x.png]
[www.creativeapplications.net/wp-content/plugins/jetpack/modules/carousel/images/carousel-sprite-2xe4da.png]
[www.creativeapplications.net/wp-content/plugins/jetpack/modules/shortcodes/img/slideshow-controls.png]
[www.creativeapplications.net/wp-content/plugins/jetpack/modules/shortcodes/img/slideshow-controls-2x.png]
[www.creativeapplications.net/wp-content/plugins/jetpack/modules/shortcodes/images/slide-nav.png]
[www.creativeapplications.net/wp-content/plugins/jetpack/modules/shortcodes/images/expand.png]
[www.creativeapplications.net/wp-content/plugins/jetpack/modules/shortcodes/images/collapse.png]
[secure.gravatar.com/images/grav-share-sprite.png]
[www.creativeapplications.net/wp-content/plugins/jetpack/css/jetpack167b.css]
[p.skimresources.com/px3425.gif]
[autolinkmaker.itunes.apple.com/js/itunes_autolinkmaker.js]
[connect.facebook.net/en_GB/sdk.js]
[www.creativeapplications.net/processing/random-access-memory-materialising-mathematical-process-algorithm/60160 http_/www.creativeapplications.net/index15df.html]
[www.creativeapplications.net/processing/random-access-memory-materialising-mathematical-process-algorithm/index888c.html]
[connect.facebook.net/en_GB/all.js]
[s0.wp.com/wp-content/js/devicepx-jetpack8253.js]
[www.creativeapplications.net/wp-content/plugins/jetpack/_inc/genericons/genericons/Genericons.svg]
[www.creativeapplications.net/processing/random-access-memory-materialising-mathematical/ABCDEFGHIJKLMNOPQRSTUVWXYZabcdefghijklmnopqrstu/index.html]
[www.creativeapplications.net/processing/random-access-memory-materialising-mathematical-process-algorithm/dialog/index.html]
[www.creativeapplications.net/processing/random-access-memory-materialising-mathematical-process-algorithm/%s/profile4d6d.html]
